# Ensure build layout
# Check configuration tokens
# Preparing build
# Check requirements for android
# Search for Git (git)
#  -> found at /usr/bin/git
# Search for Cython (cython)
#  -> found at /mnt/d/Repartidor/.venv/bin/cython
# Search for Java compiler (javac)
#  -> found at /usr/lib/jvm/java-17-openjdk-amd64/bin/javac
# Search for Java keytool (keytool)
#  -> found at /usr/lib/jvm/java-17-openjdk-amd64/bin/keytool
# Install platform
# Run 'git config --get remote.origin.url' ...
# Cwd /mnt/d/Repartidor/.buildozer/android/platform/python-for-android
https://github.com/kivy/python-for-android.git
# Run 'git branch -vv' ...
# Cwd /mnt/d/Repartidor/.buildozer/android/platform/python-for-android
* master 58d21141 [origin/master] Merge pull request #3321 from kivy/release-2026.05.09
# Run '/mnt/d/Repartidor/.venv/bin/python -m pip install -q appdirs colorama>=0.3.3 jinja2 sh>=2, <3.0; sys_platform!="win32" meson ninja build toml packaging setuptools wheel~=0.43.0' ...
# Cwd None
# Apache ANT found at /home/diegodiego/.buildozer/android/platform/apache-ant-1.9.4
# Android SDK found at /home/diegodiego/.buildozer/android/platform/android-sdk
# Recommended android's NDK version by p4a is: 28c
# Android NDK found at /home/diegodiego/.buildozer/android/platform/android-ndk-r25b
# Run '/mnt/d/Repartidor/.venv/bin/python -m pythonforandroid.toolchain aab -h --color=always --storage-dir=/mnt/d/Repartidor/.buildozer/android/platform/build-arm64-v8a --ndk-api=21 --ignore-setup-py --debug' ...
# Cwd /mnt/d/Repartidor/.buildozer/android/platform/python-for-android
# Check application requirements
# Compile platform
# Run '/mnt/d/Repartidor/.venv/bin/python -m pythonforandroid.toolchain create --dist_name=repartidorapp --bootstrap=sdl2 --requirements=python3,kivy,requests,plyer,openssl,urllib3 --arch=arm64-v8a --copy-libs --color=always --storage-dir=/mnt/d/Repartidor/.buildozer/android/platform/build-arm64-v8a --ndk-api=21 --ignore-setup-py --debug' ...
# Cwd /mnt/d/Repartidor/.buildozer/android/platform/python-for-android
[WARNING]: prerequisites.py is experimental and does not support all prerequisites yet.
[WARNING]: Please report any issues to the python-for-android issue tracker.
[WARNING]: prerequisites.py is experimental and does not support all prerequisites yet.
[WARNING]: Please report any issues to the python-for-android issue tracker.
[1m[INFO][0m:    Will compile for the following archs: arm64-v8a
[1m[INFO][0m:    Found Android API target in $ANDROIDAPI: 31
[1m[INFO][0m:    Available Android APIs are (31)
[1m[INFO][0m:    Requested API target 31 is available, continuing.
[1m[INFO][0m:    Found NDK dir in $ANDROIDNDK: /home/diegodiego/.buildozer/android/platform/android-ndk-r25b
[1m[INFO][0m:    Found NDK version 25b
[1m[INFO][0m:    Getting NDK API version (i.e. minimum supported API) from user argument
[1m[INFO][0m:    ccache is missing, the build will not be optimized in the future.
[1m[90m[DEBUG][39m[0m:   All possible dists: [<Distribution: name repartidorapp with recipes (hostpython3, libffi, openssl, sdl2_image, sdl2_mixer, sdl2_ttf, sqlite3, python3, sdl2, pyjnius, setuptools, android, kivy, certifi, requests, urllib3, idna, plyer, filetype, chardet, six)>]
[1m[90m[DEBUG][39m[0m:   Dist matching name and arch: [<Distribution: name repartidorapp with recipes (hostpython3, libffi, openssl, sdl2_image, sdl2_mixer, sdl2_ttf, sqlite3, python3, sdl2, pyjnius, setuptools, android, kivy, certifi, requests, urllib3, idna, plyer, filetype, chardet, six)>]
[1m[90m[DEBUG][39m[0m:   Dist matching ndk_api and recipe: [<Distribution: name repartidorapp with recipes (hostpython3, libffi, openssl, sdl2_image, sdl2_mixer, sdl2_ttf, sqlite3, python3, sdl2, pyjnius, setuptools, android, kivy, certifi, requests, urllib3, idna, plyer, filetype, chardet, six)>]
[1m[INFO][0m:    Of the existing distributions, the following meet the given requirements:
[1m[INFO][0m:    	[32m[1mrepartidorapp[0m: min API 21, includes recipes ([32mhostpython3, libffi, openssl, sdl2_image, sdl2_mixer, sdl2_ttf, sqlite3, python3, sdl2, pyjnius, setuptools, android, kivy, certifi, requests, urllib3, idna, plyer, filetype, chardet, six[0m), built for archs ([34marm64-v8a[0m)
[1m[INFO][0m:    [1m[94mrepartidorapp has compatible recipes, using this one[0m
# Build the application #4
# Copy application source from /mnt/d/Repartidor
# Remove directory and subdirectory /mnt/d/Repartidor/.buildozer/android/app
# Create directory /mnt/d/Repartidor/.buildozer/android/app
# Copy /mnt/d/Repartidor/LICENSE to /mnt/d/Repartidor/.buildozer/android/app/LICENSE
# Copy /mnt/d/Repartidor/main.py to /mnt/d/Repartidor/.buildozer/android/app/main.py
# Copy /mnt/d/Repartidor/repartidor.py to /mnt/d/Repartidor/.buildozer/android/app/repartidor.py
# Copy /mnt/d/Repartidor/sitecustomize.py to /mnt/d/Repartidor/.buildozer/android/app/sitecustomize.py
# Copy /mnt/d/Repartidor/validate_yaml.py to /mnt/d/Repartidor/.buildozer/android/app/validate_yaml.py
# Copy /mnt/d/Repartidor/webServerApiSettings.json to /mnt/d/Repartidor/.buildozer/android/app/webServerApiSettings.json
# Create directory /mnt/d/Repartidor/.buildozer/android/app/tests
# Copy /mnt/d/Repartidor/tests/test_smoke.py to /mnt/d/Repartidor/.buildozer/android/app/tests/test_smoke.py
# copy /mnt/d/Repartidor/.buildozer/applibs to /mnt/d/Repartidor/.buildozer/android/app/_applibs
Traceback (most recent call last):
  File "<frozen runpy>", line 198, in _run_module_as_main
  File "<frozen runpy>", line 88, in _run_code
  File "/mnt/d/Repartidor/.venv/lib/python3.14/site-packages/buildozer/__main__.py", line 4, in <module>
    main()
    ~~~~^^
  File "/mnt/d/Repartidor/.venv/lib/python3.14/site-packages/buildozer/scripts/client.py", line 16, in main
    Buildozer().run_command(sys.argv[1:])
    ~~~~~~~~~~~~~~~~~~~~~~~^^^^^^^^^^^^^^
  File "/mnt/d/Repartidor/.venv/lib/python3.14/site-packages/buildozer/__init__.py", line 684, in run_command
    self.target.run_commands(args)
    ~~~~~~~~~~~~~~~~~~~~~~~~^^^^^^
  File "/mnt/d/Repartidor/.venv/lib/python3.14/site-packages/buildozer/target.py", line 96, in run_commands
    func(args)
    ~~~~^^^^^^
  File "/mnt/d/Repartidor/.venv/lib/python3.14/site-packages/buildozer/targets/android.py", line 1011, in cmd_debug
    super().cmd_debug(*args)
    ~~~~~~~~~~~~~~~~~^^^^^^^
  File "/mnt/d/Repartidor/.venv/lib/python3.14/site-packages/buildozer/target.py", line 108, in cmd_debug
    self.buildozer.build()
    ~~~~~~~~~~~~~~~~~~~~^^
  File "/mnt/d/Repartidor/.venv/lib/python3.14/site-packages/buildozer/__init__.py", line 123, in build
    self.build_application()
    ~~~~~~~~~~~~~~~~~~~~~~^^
  File "/mnt/d/Repartidor/.venv/lib/python3.14/site-packages/buildozer/__init__.py", line 358, in build_application
    self._copy_application_libs()
    ~~~~~~~~~~~~~~~~~~~~~~~~~~~^^
  File "/mnt/d/Repartidor/.venv/lib/python3.14/site-packages/buildozer/__init__.py", line 464, in _copy_application_libs
    buildops.file_copytree(self.applibs_dir, join(self.app_dir, '_applibs'))
    ~~~~~~~~~~~~~~~~~~~~~~^^^^^^^^^^^^^^^^^^^^^^^^^^^^^^^^^^^^^^^^^^^^^^^^^^
  File "/mnt/d/Repartidor/.venv/lib/python3.14/site-packages/buildozer/buildops.py", line 177, in file_copytree
    copytree(source, target)
    ~~~~~~~~^^^^^^^^^^^^^^^^
  File "/usr/lib/python3.14/shutil.py", line 654, in copytree
    return _copytree(entries=entries, src=src, dst=dst, symlinks=symlinks,
                     ignore=ignore, copy_function=copy_function,
                     ignore_dangling_symlinks=ignore_dangling_symlinks,
                     dirs_exist_ok=dirs_exist_ok)
  File "/usr/lib/python3.14/shutil.py", line 608, in _copytree
    raise Error(errors)
shutil.Error: [(PosixPath('/mnt/d/Repartidor/.buildozer/applibs'), PosixPath('/mnt/d/Repartidor/.buildozer/android/app/_applibs'), "[Errno 1] Operation not permitted: '/mnt/d/Repartidor/.buildozer/android/app/_applibs'")]
